// Jest Snapshot v1, https://goo.gl/fbAQLP

exports[`Header should render correctly 1`] = `
<Fragment>
  <Styled(Header)>
    <styled.div>
      <Styled(Menu)
        mode="horizontal"
        theme="dark"
      >
        <MenuItem
          key="1"
          style={
            Object {
              "backgroundColor": "black",
              "flexBasis": "90%",
            }
          }
        >
          <Link
            href="/"
          >
            <a
              style={
                Object {
                  "color": "#2bebc8",
                  "fontFamily": "pacifico",
                  "fontSize": "1.8rem",
                }
              }
            >
              Pfandberater.de
            </a>
          </Link>
        </MenuItem>
        <MenuItem
          icon={
            <ForwardRef(LoginOutlined)
              style={
                Object {
                  "fontSize": "1.2rem",
                }
              }
            />
          }
          key="2"
          style={
            Object {
              "backgroundColor": "black",
              "flexBasis": "5%",
            }
          }
        >
          <Link
            href="/login"
          >
            <a
              style={
                Object {
                  "color": "#e54344",
                  "fontSize": "1.2rem",
                }
              }
            >
              login
            </a>
          </Link>
        </MenuItem>
        <MenuItem
          icon={
            <ForwardRef(LogoutOutlined)
              style={
                Object {
                  "fontSize": "1.2rem",
                }
              }
            />
          }
          key="3"
          style={
            Object {
              "backgroundColor": "black",
              "flexBasis": "5%",
            }
          }
        >
          <Link
            href="/logout"
          >
            <a
              style={
                Object {
                  "color": "#e54344",
                  "fontSize": "1.2rem",
                }
              }
            >
              logout
            </a>
          </Link>
        </MenuItem>
      </Styled(Menu)>
    </styled.div>
    <styled.div>
      <Styled(Menu)
        mode="inline"
        onOpenChange={[Function]}
        theme="dark"
      >
        <SubMenu
          icon={
            <ForwardRef(MenuFoldOutlined)
              style={
                Object {
                  "color": "#2bebc8",
                  "fontSize": "1.5rem",
                  "marginRight": "1.1rem",
                  "marginTop": "0.8rem",
                }
              }
            />
          }
          key="sub1"
          style={
            Object {
              "color": "#2bebc8",
              "fontFamily": "pacifico",
              "fontSize": "1.45rem",
              "fontWeight": 550,
              "height": "4.0rem",
              "marginTop": "0.95rem",
            }
          }
          title="Pfandberater.de"
        >
          <MenuItem
            icon={
              <ForwardRef(HomeOutlined)
                style={
                  Object {
                    "fontSize": "1.3rem",
                  }
                }
              />
            }
            key="1"
            style={
              Object {
                "backgroundColor": "#1e1f22",
                "fontSize": "1.3rem",
                "margin": "0.8rem 0 0 0",
              }
            }
          >
            <Link
              href="/"
            >
              <a
                style={
                  Object {
                    "color": "#e54344",
                  }
                }
              >
                Home
              </a>
            </Link>
          </MenuItem>
          <MenuItem
            icon={
              <ForwardRef(LoginOutlined)
                style={
                  Object {
                    "fontSize": "1.3rem",
                  }
                }
              />
            }
            key="2"
            style={
              Object {
                "backgroundColor": "#1e1f22",
                "fontSize": "1.3rem",
                "margin": "0",
              }
            }
          >
            <Link
              href="/login"
            >
              <a
                style={
                  Object {
                    "color": "#e54344",
                  }
                }
              >
                Login
              </a>
            </Link>
          </MenuItem>
          <MenuItem
            icon={
              <ForwardRef(LogoutOutlined)
                style={
                  Object {
                    "fontSize": "1.3rem",
                  }
                }
              />
            }
            key="3"
            style={
              Object {
                "backgroundColor": "#1e1f22",
                "fontSize": "1.3rem",
                "margin": "0 0 0.7rem 0",
              }
            }
          >
            <Link
              href="/logout"
            >
              <a
                style={
                  Object {
                    "color": "#e54344",
                  }
                }
              >
                Logout
              </a>
            </Link>
          </MenuItem>
        </SubMenu>
      </Styled(Menu)>
    </styled.div>
  </Styled(Header)>
</Fragment>
`;
