// Jest Snapshot v1, https://goo.gl/fbAQLP

exports[`Home should render correctly 1`] = `
<Fragment>
  <styled.div>
    <styled.h1>
      willkommen
    </styled.h1>
    <styled.h2>
      so funktionierts
    </styled.h2>
    <HowTo />
    <styled.div>
      <ButtonPrimary />
    </styled.div>
  </styled.div>
  <styled.div>
    <Divider />
  </styled.div>
  <styled.div>
    <styled.div>
      <Maps />
    </styled.div>
  </styled.div>
</Fragment>
`;
