// Jest Snapshot v1, https://goo.gl/fbAQLP

exports[`ChooseCity should render correctly 1`] = `
<styled.div>
  <div>
    wähle deine
  </div>
  <Dropdown
    mouseEnterDelay={0.15}
    mouseLeaveDelay={0.1}
    overlay={
      <Styled(Menu)
        onClick={[Function]}
      >
        <Styled(MenuItem)>
          augsburg
        </Styled(MenuItem)>
        <Styled(MenuItem)>
          münchen
        </Styled(MenuItem)>
        <Styled(MenuItem)>
          berlin
        </Styled(MenuItem)>
      </Styled(Menu)>
    }
    placement="bottomCenter"
  >
    <styled.button
      onClick={[Function]}
    >
      stadt
      <ForwardRef(DownOutlined)
        style={
          Object {
            "fontSize": "1.3rem",
          }
        }
      />
    </styled.button>
  </Dropdown>
</styled.div>
`;
